Archive member included to satisfy reference by file (symbol)

/opt/st/stm32cubeide_1.19.0/plugins/com.st.stm32cube.ide.mcu.externaltools.gnu-tools-for-stm32.13.3.rel1.linux64_1.0.0.202410170706/tools/bin/../lib/gcc/arm-none-eabi/13.3.1/../../../../arm-none-eabi/lib/thumb/v7e-m+fp/hard/libc_nano.a(libc_a-exit.o)
                              /opt/st/stm32cubeide_1.19.0/plugins/com.st.stm32cube.ide.mcu.externaltools.gnu-tools-for-stm32.13.3.rel1.linux64_1.0.0.202410170706/tools/bin/../lib/gcc/arm-none-eabi/13.3.1/../../../../arm-none-eabi/lib/thumb/v7e-m+fp/hard/crt0.o (exit)
/opt/st/stm32cubeide_1.19.0/plugins/com.st.stm32cube.ide.mcu.externaltools.gnu-tools-for-stm32.13.3.rel1.linux64_1.0.0.202410170706/tools/bin/../lib/gcc/arm-none-eabi/13.3.1/../../../../arm-none-eabi/lib/thumb/v7e-m+fp/hard/libc_nano.a(libc_a-findfp.o)
                              /opt/st/stm32cubeide_1.19.0/plugins/com.st.stm32cube.ide.mcu.externaltools.gnu-tools-for-stm32.13.3.rel1.linux64_1.0.0.202410170706/tools/bin/../lib/gcc/arm-none-eabi/13.3.1/../../../../arm-none-eabi/lib/thumb/v7e-m+fp/hard/libc_nano.a(libc_a-exit.o) (__stdio_exit_handler)
/opt/st/stm32cubeide_1.19.0/plugins/com.st.stm32cube.ide.mcu.externaltools.gnu-tools-for-stm32.13.3.rel1.linux64_1.0.0.202410170706/tools/bin/../lib/gcc/arm-none-eabi/13.3.1/../../../../arm-none-eabi/lib/thumb/v7e-m+fp/hard/libc_nano.a(libc_a-fwalk.o)
                              /opt/st/stm32cubeide_1.19.0/plugins/com.st.stm32cube.ide.mcu.externaltools.gnu-tools-for-stm32.13.3.rel1.linux64_1.0.0.202410170706/tools/bin/../lib/gcc/arm-none-eabi/13.3.1/../../../../arm-none-eabi/lib/thumb/v7e-m+fp/hard/libc_nano.a(libc_a-findfp.o) (_fwalk_sglue)
/opt/st/stm32cubeide_1.19.0/plugins/com.st.stm32cube.ide.mcu.externaltools.gnu-tools-for-stm32.13.3.rel1.linux64_1.0.0.202410170706/tools/bin/../lib/gcc/arm-none-eabi/13.3.1/../../../../arm-none-eabi/lib/thumb/v7e-m+fp/hard/libc_nano.a(libc_a-stdio.o)
                              /opt/st/stm32cubeide_1.19.0/plugins/com.st.stm32cube.ide.mcu.externaltools.gnu-tools-for-stm32.13.3.rel1.linux64_1.0.0.202410170706/tools/bin/../lib/gcc/arm-none-eabi/13.3.1/../../../../arm-none-eabi/lib/thumb/v7e-m+fp/hard/libc_nano.a(libc_a-findfp.o) (__sread)
/opt/st/stm32cubeide_1.19.0/plugins/com.st.stm32cube.ide.mcu.externaltools.gnu-tools-for-stm32.13.3.rel1.linux64_1.0.0.202410170706/tools/bin/../lib/gcc/arm-none-eabi/13.3.1/../../../../arm-none-eabi/lib/thumb/v7e-m+fp/hard/libc_nano.a(libc_a-memset.o)
                              /opt/st/stm32cubeide_1.19.0/plugins/com.st.stm32cube.ide.mcu.externaltools.gnu-tools-for-stm32.13.3.rel1.linux64_1.0.0.202410170706/tools/bin/../lib/gcc/arm-none-eabi/13.3.1/../../../../arm-none-eabi/lib/thumb/v7e-m+fp/hard/crt0.o (memset)
/opt/st/stm32cubeide_1.19.0/plugins/com.st.stm32cube.ide.mcu.externaltools.gnu-tools-for-stm32.13.3.rel1.linux64_1.0.0.202410170706/tools/bin/../lib/gcc/arm-none-eabi/13.3.1/../../../../arm-none-eabi/lib/thumb/v7e-m+fp/hard/libc_nano.a(libc_a-closer.o)
                              /opt/st/stm32cubeide_1.19.0/plugins/com.st.stm32cube.ide.mcu.externaltools.gnu-tools-for-stm32.13.3.rel1.linux64_1.0.0.202410170706/tools/bin/../lib/gcc/arm-none-eabi/13.3.1/../../../../arm-none-eabi/lib/thumb/v7e-m+fp/hard/libc_nano.a(libc_a-stdio.o) (_close_r)
/opt/st/stm32cubeide_1.19.0/plugins/com.st.stm32cube.ide.mcu.externaltools.gnu-tools-for-stm32.13.3.rel1.linux64_1.0.0.202410170706/tools/bin/../lib/gcc/arm-none-eabi/13.3.1/../../../../arm-none-eabi/lib/thumb/v7e-m+fp/hard/libc_nano.a(libc_a-reent.o)
                              /opt/st/stm32cubeide_1.19.0/plugins/com.st.stm32cube.ide.mcu.externaltools.gnu-tools-for-stm32.13.3.rel1.linux64_1.0.0.202410170706/tools/bin/../lib/gcc/arm-none-eabi/13.3.1/../../../../arm-none-eabi/lib/thumb/v7e-m+fp/hard/libc_nano.a(libc_a-closer.o) (errno)
/opt/st/stm32cubeide_1.19.0/plugins/com.st.stm32cube.ide.mcu.externaltools.gnu-tools-for-stm32.13.3.rel1.linux64_1.0.0.202410170706/tools/bin/../lib/gcc/arm-none-eabi/13.3.1/../../../../arm-none-eabi/lib/thumb/v7e-m+fp/hard/libc_nano.a(libc_a-impure.o)
                              /opt/st/stm32cubeide_1.19.0/plugins/com.st.stm32cube.ide.mcu.externaltools.gnu-tools-for-stm32.13.3.rel1.linux64_1.0.0.202410170706/tools/bin/../lib/gcc/arm-none-eabi/13.3.1/../../../../arm-none-eabi/lib/thumb/v7e-m+fp/hard/libc_nano.a(libc_a-reent.o) (_impure_ptr)
/opt/st/stm32cubeide_1.19.0/plugins/com.st.stm32cube.ide.mcu.externaltools.gnu-tools-for-stm32.13.3.rel1.linux64_1.0.0.202410170706/tools/bin/../lib/gcc/arm-none-eabi/13.3.1/../../../../arm-none-eabi/lib/thumb/v7e-m+fp/hard/libc_nano.a(libc_a-lseekr.o)
                              /opt/st/stm32cubeide_1.19.0/plugins/com.st.stm32cube.ide.mcu.externaltools.gnu-tools-for-stm32.13.3.rel1.linux64_1.0.0.202410170706/tools/bin/../lib/gcc/arm-none-eabi/13.3.1/../../../../arm-none-eabi/lib/thumb/v7e-m+fp/hard/libc_nano.a(libc_a-stdio.o) (_lseek_r)
[...]
Memory Configuration

Name             Origin             Length             Attributes
CCMRAM           0x10000000         0x00004000         xrw
RAM              0x20000000         0x00010000         xrw
FLASH            0x08000000         0x00080000         xr
*default*        0x00000000         0xffffffff

Linker script and memory map

LOAD /opt/st/stm32cubeide_1.19.0/plugins/com.st.stm32cube.ide.mcu.externaltools.gnu-tools-for-stm32.13.3.rel1.linux64_1.0.0.202410170706/tools/bin/../lib/gcc/arm-none-eabi/13.3.1/thumb/v7e-m+fp/hard/crti.o
LOAD /opt/st/stm32cubeide_1.19.0/plugins/com.st.stm32cube.ide.mcu.externaltools.gnu-tools-for-stm32.13.3.rel1.linux64_1.0.0.202410170706/tools/bin/../lib/gcc/arm-none-eabi/13.3.1/thumb/v7e-m+fp/hard/crtbegin.o
LOAD /opt/st/stm32cubeide_1.19.0/plugins/com.st.stm32cube.ide.mcu.externaltools.gnu-tools-for-stm32.13.3.rel1.linux64_1.0.0.202410170706/tools/bin/../lib/gcc/arm-none-eabi/13.3.1/../../../../arm-none-eabi/lib/thumb/v7e-m+fp/hard/crt0.o
LOAD ./Core/Src/main.o
LOAD ./Core/Src/stm32f3xx_hal_msp.o
LOAD ./Core/Src/stm32f3xx_it.o
LOAD ./Core/Src/syscalls.o
LOAD ./Core/Src/sysmem.o
LOAD ./Core/Src/system_stm32f3xx.o
LOAD ./Core/Startup/startup_stm32f303retx.o
LOAD ./Drivers/STM32F3xx_HAL_Driver/Src/stm32f3xx_hal.o
LOAD ./Drivers/STM32F3xx_HAL_Driver/Src/stm32f3xx_hal_cortex.o
LOAD ./Drivers/STM32F3xx_HAL_Driver/Src/stm32f3xx_hal_dma.o
LOAD ./Drivers/STM32F3xx_HAL_Driver/Src/stm32f3xx_hal_exti.o
LOAD ./Drivers/STM32F3xx_HAL_Driver/Src/stm32f3xx_hal_flash.o
LOAD ./Drivers/STM32F3xx_HAL_Driver/Src/stm32f3xx_hal_flash_ex.o
LOAD ./Drivers/STM32F3xx_HAL_Driver/Src/stm32f3xx_hal_gpio.o
LOAD ./Drivers/STM32F3xx_HAL_Driver/Src/stm32f3xx_hal_i2c.o
LOAD ./Drivers/STM32F3xx_HAL_Driver/Src/stm32f3xx_hal_i2c_ex.o
LOAD ./Drivers/STM32F3xx_HAL_Driver/Src/stm32f3xx_hal_pwr.o
LOAD ./Drivers/STM32F3xx_HAL_Driver/Src/stm32f3xx_hal_pwr_ex.o
LOAD ./Drivers/STM32F3xx_HAL_Driver/Src/stm32f3xx_hal_rcc.o
LOAD ./Drivers/STM32F3xx_HAL_Driver/Src/stm32f3xx_hal_rcc_ex.o
LOAD ./Drivers/STM32F3xx_HAL_Driver/Src/stm32f3xx_hal_tim.o
LOAD ./Drivers/STM32F3xx_HAL_Driver/Src/stm32f3xx_hal_tim_ex.o
LOAD ./Drivers/STM32F3xx_HAL_Driver/Src/stm32f3xx_hal_uart.o
LOAD ./Drivers/STM32F3xx_HAL_Driver/Src/stm32f3xx_hal_uart_ex.o
START GROUP
LOAD /opt/st/stm32cubeide_1.19.0/plugins/com.st.stm32cube.ide.mcu.externaltools.gnu-tools-for-stm32.13.3.rel1.linux64_1.0.0.202410170706/tools/bin/../lib/gcc/arm-none-eabi/13.3.1/../../../../arm-none-eabi/lib/thumb/v7e-m+fp/hard/libc_nano.a
LOAD /opt/st/stm32cubeide_1.19.0/plugins/com.st.stm32cube.ide.mcu.externaltools.gnu-tools-for-stm32.13.3.rel1.linux64_1.0.0.202410170706/tools/bin/../lib/gcc/arm-none-eabi/13.3.1/../../../../arm-none-eabi/lib/thumb/v7e-m+fp/hard/libm.a
END GROUP
START GROUP
LOAD /opt/st/stm32cubeide_1.19.0/plugins/com.st.stm32cube.ide.mcu.externaltools.gnu-tools-for-stm32.13.3.rel1.linux64_1.0.0.202410170706/tools/bin/../lib/gcc/arm-none-eabi/13.3.1/thumb/v7e-m+fp/hard/libgcc.a
LOAD /opt/st/stm32cubeide_1.19.0/plugins/com.st.stm32cube.ide.mcu.externaltools.gnu-tools-for-stm32.13.3.rel1.linux64_1.0.0.202410170706/tools/bin/../lib/gcc/arm-none-eabi/13.3.1/../../../../arm-none-eabi/lib/thumb/v7e-m+fp/hard/libc_nano.a
END GROUP
START GROUP
LOAD /opt/st/stm32cubeide_1.19.0/plugins/com.st.stm32cube.ide.mcu.externaltools.gnu-tools-for-stm32.13.3.rel1.linux64_1.0.0.202410170706/tools/bin/../lib/gcc/arm-none-eabi/13.3.1/thumb/v7e-m+fp/hard/libgcc.a
LOAD /opt/st/stm32cubeide_1.19.0/plugins/com.st.stm32cube.ide.mcu.externaltools.gnu-tools-for-stm32.13.3.rel1.linux64_1.0.0.202410170706/tools/bin/../lib/gcc/arm-none-eabi/13.3.1/../../../../arm-none-eabi/lib/thumb/v7e-m+fp/hard/libc_nano.a
LOAD /opt/st/stm32cubeide_1.19.0/plugins/com.st.stm32cube.ide.mcu.externaltools.gnu-tools-for-stm32.13.3.rel1.linux64_1.0.0.202410170706/tools/bin/../lib/gcc/arm-none-eabi/13.3.1/../../../../arm-none-eabi/lib/thumb/v7e-m+fp/hard/libnosys.a
END GROUP
START GROUP
LOAD /opt/st/stm32cubeide_1.19.0/plugins/com.st.stm32cube.ide.mcu.externaltools.gnu-tools-for-stm32.13.3.rel1.linux64_1.0.0.202410170706/tools/bin/../lib/gcc/arm-none-eabi/13.3.1/thumb/v7e-m+fp/hard/libgcc.a
LOAD /opt/st/stm32cubeide_1.19.0/plugins/com.st.stm32cube.ide.mcu.externaltools.gnu-tools-for-stm32.13.3.rel1.linux64_1.0.0.202410170706/tools/bin/../lib/gcc/arm-none-eabi/13.3.1/../../../../arm-none-eabi/lib/thumb/v7e-m+fp/hard/libc_nano.a
LOAD /opt/st/stm32cubeide_1.19.0/plugins/com.st.stm32cube.ide.mcu.externaltools.gnu-tools-for-stm32.13.3.rel1.linux64_1.0.0.202410170706/tools/bin/../lib/gcc/arm-none-eabi/13.3.1/../../../../arm-none-eabi/lib/thumb/v7e-m+fp/hard/libnosys.a
END GROUP
LOAD /opt/st/stm32cubeide_1.19.0/plugins/com.st.stm32cube.ide.mcu.externaltools.gnu-tools-for-stm32.13.3.rel1.linux64_1.0.0.202410170706/tools/bin/../lib/gcc/arm-none-eabi/13.3.1/thumb/v7e-m+fp/hard/crtend.o
LOAD /opt/st/stm32cubeide_1.19.0/plugins/com.st.stm32cube.ide.mcu.externaltools.gnu-tools-for-stm32.13.3.rel1.linux64_1.0.0.202410170706/tools/bin/../lib/gcc/arm-none-eabi/13.3.1/thumb/v7e-m+fp/hard/crtn.o
                0x20010000                        _estack = (ORIGIN (RAM) + LENGTH (RAM))
                0x00000200                        _Min_Heap_Size = 0x200
                0x00000400                        _Min_Stack_Size = 0x400

.isr_vector     0x08000000      0x194
                0x08000000                        . = ALIGN (0x4)
 *(.isr_vector)
 .isr_vector    0x08000000      0x194 ./Core/Startup/startup_stm32f303retx.o
                0x08000000                g_pfnVectors
                0x08000194                        . = ALIGN (0x4)

.text           0x08000194     0x4e10
                0x08000194                        . = ALIGN (0x4)
 *(.text)
 .text          0x08000194       0x40 /opt/st/stm32cubeide_1.19.0/plugins/com.st.stm32cube.ide.mcu.externaltools.gnu-tools-for-stm32.13.3.rel1.linux64_1.0.0.202410170706/tools/bin/../lib/gcc/arm-none-eabi/13.3.1/thumb/v7e-m+fp/hard/crtbegin.o
 .text          0x080001d4       0x14 /opt/st/stm32cubeide_1.19.0/plugins/com.st.stm32cube.ide.mcu.externaltools.gnu-tools-for-stm32.13.3.rel1.linux64_1.0.0.202410170706/tools/bin/../lib/gcc/arm-none-eabi/13.3.1/../../../../arm-none-eabi/lib/thumb/v7e-m+fp/hard/libc_nano.a(libc_a-strcmp.o)
                0x080001d4                strcmp
 *(.text*)
 .text.main     0x080001e8       0xdc ./Core/Src/main.o
                0x080001e8                main
 .text.SystemClock_Config
                0x080002c4       0xaa ./Core/Src/main.o
                0x080002c4                SystemClock_Config
 *fill*         0x0800036e        0x2 
 .text.MX_I2C1_Init
                0x08000370       0x80 ./Core/Src/main.o
 .text.MX_TIM1_Init
                0x080003f0      0x120 ./Core/Src/main.o
 .text.MX_GPIO_Init
                0x08000510      0x110 ./Core/Src/main.o
 .text.MaquinaEstados_Executar
                0x08000620       0x58 ./Core/Src/main.o
                0x08000620                MaquinaEstados_Executar
 .text.Estado_ErroPN532
                0x08000678       0x14 ./Core/Src/main.o
                0x08000678                Estado_ErroPN532
 .text.Estado_AguardandoCartao
                0x0800068c       0xf4 ./Core/Src/main.o
                0x0800068c                Estado_AguardandoCartao
 .text.Estado_DigitandoSenha
                0x08000780      0x130 ./Core/Src/main.o
                0x08000780                Estado_DigitandoSenha
 .text.Estado_AcessoLiberado
                0x080008b0       0x40 ./Core/Src/main.o
                0x080008b0                Estado_AcessoLiberado
 .text.Estado_AcessoNegado
                0x080008f0       0x40 ./Core/Src/main.o
                0x080008f0                Estado_AcessoNegado
 .text.PN532_CheckI2C
                0x08000930       0x28 ./Core/Src/main.o
                0x08000930                PN532_CheckI2C
 .text.PN532_WaitReady
                0x08000958       0x5c ./Core/Src/main.o
                0x08000958                PN532_WaitReady
 .text.PN532_ReadAck
                0x080009b4       0x6c ./Core/Src/main.o
                0x080009b4                PN532_ReadAck
 .text.PN532_SendCommand
                0x08000a20       0xfc ./Core/Src/main.o
                0x08000a20                PN532_SendCommand
 .text.PN532_GetFirmwareVersion
                0x08000b1c       0x90 ./Core/Src/main.o
                0x08000b1c                PN532_GetFirmwareVersion
 .text.PN532_SAMConfig
                0x08000bac       0x9c ./Core/Src/main.o
                0x08000bac                PN532_SAMConfig
 .text.PN532_ReadPassiveTarget
                0x08000c48      0x134 ./Core/Src/main.o
                0x08000c48                PN532_ReadPassiveTarget
 .text.CompararUID
                0x08000d7c       0x50 ./Core/Src/main.o
                0x08000d7c                CompararUID
 .text.ObterSenhaDoUID
                0x08000dcc       0x54 ./Core/Src/main.o
                0x08000dcc                ObterSenhaDoUID
 .text.LED_Verde_Blink
                0x08000e20       0x26 ./Core/Src/main.o
                0x08000e20                LED_Verde_Blink
 .text.LED_Vermelho_Blink
                0x08000e46       0x26 ./Core/Src/main.o
                0x08000e46                LED_Vermelho_Blink
 .text.LED_Ambos_Blink
                0x08000e6c       0x3e ./Core/Src/main.o
                0x08000e6c                LED_Ambos_Blink
 *fill*         0x08000eaa        0x2 
 .text.Teclado_SetColunasHigh
                0x08000eac       0x34 ./Core/Src/main.o
                0x08000eac                Teclado_SetColunasHigh
 .text.Teclado_LerTecla
                0x08000ee0      0x170 ./Core/Src/main.o
                0x08000ee0                Teclado_LerTecla
 .text.Servo_Iniciar
                0x08001050       0x14 ./Core/Src/main.o
                0x08001050                Servo_Iniciar
 .text.Servo_SetPulseUs
                0x08001064       0x4c ./Core/Src/main.o
                0x08001064                Servo_SetPulseUs
 .text.Servo_SetAngle
                0x080010b0       0x44 ./Core/Src/main.o
                0x080010b0                Servo_SetAngle
 .text.Botao_Pressionado
                0x080010f4       0x60 ./Core/Src/main.o
                0x080010f4                Botao_Pressionado
 .text.AbrirPeloBotao
                0x08001154       0x54 ./Core/Src/main.o
                0x08001154                AbrirPeloBotao
 .text.AcessoLiberado
                0x080011a8       0x3c ./Core/Src/main.o
                0x080011a8                AcessoLiberado
 .text.AcessoNegado
                0x080011e4       0x2c ./Core/Src/main.o
                0x080011e4                AcessoNegado
 .text.Error_Handler
                0x08001210        0xc ./Core/Src/main.o
                0x08001210                Error_Handler
 .text.HAL_MspInit
                0x0800121c       0x48 ./Core/Src/stm32f3xx_hal_msp.o
                0x0800121c                HAL_MspInit
 .text.HAL_I2C_MspInit
                0x08001264       0x88 ./Core/Src/stm32f3xx_hal_msp.o
                0x08001264                HAL_I2C_MspInit
 .text.HAL_TIM_PWM_MspInit
                0x080012ec       0x40 ./Core/Src/stm32f3xx_hal_msp.o
                0x080012ec                HAL_TIM_PWM_MspInit
 .text.HAL_TIM_MspPostInit
                0x0800132c       0x70 ./Core/Src/stm32f3xx_hal_msp.o
                0x0800132c                HAL_TIM_MspPostInit
 .text.NMI_Handler
                0x0800139c        0x8 ./Core/Src/stm32f3xx_it.o
                0x0800139c                NMI_Handler
 .text.HardFault_Handler
                0x080013a4        0x8 ./Core/Src/stm32f3xx_it.o
                0x080013a4                HardFault_Handler
 .text.MemManage_Handler
                0x080013ac        0x8 ./Core/Src/stm32f3xx_it.o
                0x080013ac                MemManage_Handler
 .text.BusFault_Handler
                0x080013b4        0x8 ./Core/Src/stm32f3xx_it.o
                0x080013b4                BusFault_Handler
 .text.UsageFault_Handler
                0x080013bc        0x8 ./Core/Src/stm32f3xx_it.o
                0x080013bc                UsageFault_Handler
 .text.SVC_Handler
                0x080013c4        0xe ./Core/Src/stm32f3xx_it.o
                0x080013c4                SVC_Handler
 .text.DebugMon_Handler
                0x080013d2        0xe ./Core/Src/stm32f3xx_it.o
                0x080013d2                DebugMon_Handler
 .text.PendSV_Handler
                0x080013e0        0xe ./Core/Src/stm32f3xx_it.o
                0x080013e0                PendSV_Handler
 .text.SysTick_Handler
                0x080013ee        0xc ./Core/Src/stm32f3xx_it.o
                0x080013ee                SysTick_Handler
 *fill*         0x080013fa        0x2 
 .text.SystemInit
                0x080013fc       0x24 ./Core/Src/system_stm32f3xx.o
                0x080013fc                SystemInit
 .text.Reset_Handler
                0x08001420       0x50 ./Core/Startup/startup_stm32f303retx.o
                0x08001420                Reset_Handler
 .text.Default_Handler
                0x08001470        0x2 ./Core/Startup/startup_stm32f303retx.o
                0x08001470                RTC_Alarm_IRQHandler
                0x08001470                TIM8_TRG_COM_IRQHandler
                0x08001470                TIM8_CC_IRQHandler
                0x08001470                SPI4_IRQHandler
                0x08001470                TIM1_CC_IRQHandler
                0x08001470                USB_HP_IRQHandler
                0x08001470                PVD_IRQHandler
                0x08001470                TAMP_STAMP_IRQHandler
                0x08001470                EXTI3_IRQHandler
                0x08001470                I2C3_ER_IRQHandler
                0x08001470                USB_HP_CAN_TX_IRQHandler
                0x08001470                EXTI0_IRQHandler
                0x08001470                I2C2_EV_IRQHandler
                0x08001470                FPU_IRQHandler
                0x08001470                TIM1_UP_TIM16_IRQHandler
                0x08001470                ADC1_2_IRQHandler
                0x08001470                SPI1_IRQHandler
                0x08001470                CAN_SCE_IRQHandler
                0x08001470                TIM6_DAC_IRQHandler
                0x08001470                TIM8_UP_IRQHandler
                0x08001470                DMA2_Channel2_IRQHandler
                0x08001470                DMA1_Channel4_IRQHandler
                0x08001470                TIM20_TRG_COM_IRQHandler
                0x08001470                USART3_IRQHandler
                0x08001470                DMA1_Channel7_IRQHandler
                0x08001470                UART5_IRQHandler
                0x08001470                ADC3_IRQHandler
                0x08001470                TIM4_IRQHandler
                0x08001470                CAN_RX1_IRQHandler
                0x08001470                DMA2_Channel1_IRQHandler
                0x08001470                I2C1_EV_IRQHandler
                0x08001470                DMA1_Channel6_IRQHandler
                0x08001470                UART4_IRQHandler
                0x08001470                DMA2_Channel4_IRQHandler
                0x08001470                TIM3_IRQHandler
                0x08001470                RCC_IRQHandler
                0x08001470                TIM20_UP_IRQHandler
                0x08001470                DMA1_Channel1_IRQHandler
                0x08001470                Default_Handler
                0x08001470                USBWakeUp_RMP_IRQHandler
                0x08001470                EXTI15_10_IRQHandler
                0x08001470                TIM7_IRQHandler
                0x08001470                I2C3_EV_IRQHandler
                0x08001470                EXTI9_5_IRQHandler
                0x08001470                RTC_WKUP_IRQHandler
                0x08001470                SPI2_IRQHandler
                0x08001470                USB_LP_CAN_RX0_IRQHandler
                0x08001470                DMA2_Channel5_IRQHandler
                0x08001470                DMA1_Channel5_IRQHandler
                0x08001470                USB_LP_IRQHandler
                0x08001470                EXTI4_IRQHandler
                0x08001470                TIM1_TRG_COM_TIM17_IRQHandler
                0x08001470                DMA1_Channel3_IRQHandler
                0x08001470                ADC4_IRQHandler
                0x08001470                WWDG_IRQHandler
                0x08001470                TIM2_IRQHandler
                0x08001470                COMP7_IRQHandler
                0x08001470                COMP1_2_3_IRQHandler
                0x08001470                EXTI1_IRQHandler
                0x08001470                USART2_IRQHandler
                0x08001470                COMP4_5_6_IRQHandler
                0x08001470                TIM20_BRK_IRQHandler
                0x08001470                I2C2_ER_IRQHandler
                0x08001470                DMA1_Channel2_IRQHandler
                0x08001470                TIM8_BRK_IRQHandler
                0x08001470                FLASH_IRQHandler
                0x08001470                TIM20_CC_IRQHandler
                0x08001470                USART1_IRQHandler
                0x08001470                SPI3_IRQHandler
                0x08001470                I2C1_ER_IRQHandler
                0x08001470                FMC_IRQHandler
                0x08001470                USBWakeUp_IRQHandler
                0x08001470                DMA2_Channel3_IRQHandler
                0x08001470                EXTI2_TSC_IRQHandler
                0x08001470                TIM1_BRK_TIM15_IRQHandler
 *fill*         0x08001472        0x2 
 .text.HAL_Init
                0x08001474       0x2c ./Drivers/STM32F3xx_HAL_Driver/Src/stm32f3xx_hal.o
                0x08001474                HAL_Init
 .text.HAL_InitTick
                0x080014a0       0x60 ./Drivers/STM32F3xx_HAL_Driver/Src/stm32f3xx_hal.o
                0x080014a0                HAL_InitTick
 .text.HAL_IncTick
                0x08001500       0x28 ./Drivers/STM32F3xx_HAL_Driver/Src/stm32f3xx_hal.o
                0x08001500                HAL_IncTick
 .text.HAL_GetTick
                0x08001528       0x18 ./Drivers/STM32F3xx_HAL_Driver/Src/stm32f3xx_hal.o
                0x08001528                HAL_GetTick
 .text.HAL_Delay
                0x08001540       0x48 ./Drivers/STM32F3xx_HAL_Driver/Src/stm32f3xx_hal.o
                0x08001540                HAL_Delay
 .text.__NVIC_SetPriorityGrouping
                0x08001588       0x48 ./Drivers/STM32F3xx_HAL_Driver/Src/stm32f3xx_hal_cortex.o
 .text.__NVIC_GetPriorityGrouping
                0x080015d0       0x1c ./Drivers/STM32F3xx_HAL_Driver/Src/stm32f3xx_hal_cortex.o
 .text.__NVIC_SetPriority
                0x080015ec       0x54 ./Drivers/STM32F3xx_HAL_Driver/Src/stm32f3xx_hal_cortex.o
 .text.NVIC_EncodePriority
                0x08001640       0x66 ./Drivers/STM32F3xx_HAL_Driver/Src/stm32f3xx_hal_cortex.o
 *fill*         0x080016a6        0x2 
 .text.SysTick_Config
                0x080016a8       0x44 ./Drivers/STM32F3xx_HAL_Driver/Src/stm32f3xx_hal_cortex.o
 .text.HAL_NVIC_SetPriorityGrouping
                0x080016ec       0x16 ./Drivers/STM32F3xx_HAL_Driver/Src/stm32f3xx_hal_cortex.o
                0x080016ec                HAL_NVIC_SetPriorityGrouping
 .text.HAL_NVIC_SetPriority
                0x08001702       0x38 ./Drivers/STM32F3xx_HAL_Driver/Src/stm32f3xx_hal_cortex.o
                0x08001702                HAL_NVIC_SetPriority
 .text.HAL_SYSTICK_Config
                0x0800173a       0x18 ./Drivers/STM32F3xx_HAL_Driver/Src/stm32f3xx_hal_cortex.o
                0x0800173a                HAL_SYSTICK_Config
 *fill*         0x08001752        0x2 
 .text.HAL_GPIO_Init
                0x08001754      0x314 ./Drivers/STM32F3xx_HAL_Driver/Src/stm32f3xx_hal_gpio.o
                0x08001754                HAL_GPIO_Init
 .text.HAL_GPIO_ReadPin
                0x08001a68       0x30 ./Drivers/STM32F3xx_HAL_Driver/Src/stm32f3xx_hal_gpio.o
                0x08001a68                HAL_GPIO_ReadPin
 .text.HAL_GPIO_WritePin
                0x08001a98       0x30 ./Drivers/STM32F3xx_HAL_Driver/Src/stm32f3xx_hal_gpio.o
                0x08001a98                HAL_GPIO_WritePin
 .text.HAL_I2C_Init
                0x08001ac8      0x136 ./Drivers/STM32F3xx_HAL_Driver/Src/stm32f3xx_hal_i2c.o
                0x08001ac8                HAL_I2C_Init
 *fill*         0x08001bfe        0x2 
 .text.HAL_I2C_Master_Transmit
                0x08001c00      0x230 ./Drivers/STM32F3xx_HAL_Driver/Src/stm32f3xx_hal_i2c.o
                0x08001c00                HAL_I2C_Master_Transmit
 .text.HAL_I2C_Master_Receive
                0x08001e30      0x1ec ./Drivers/STM32F3xx_HAL_Driver/Src/stm32f3xx_hal_i2c.o
                0x08001e30                HAL_I2C_Master_Receive
 .text.HAL_I2C_IsDeviceReady
                0x0800201c      0x1d8 ./Drivers/STM32F3xx_HAL_Driver/Src/stm32f3xx_hal_i2c.o
                0x0800201c                HAL_I2C_IsDeviceReady
 .text.I2C_Flush_TXDR
                0x080021f4       0x48 ./Drivers/STM32F3xx_HAL_Driver/Src/stm32f3xx_hal_i2c.o
 .text.I2C_WaitOnFlagUntilTimeout
                0x0800223c       0xb2 ./Drivers/STM32F3xx_HAL_Driver/Src/stm32f3xx_hal_i2c.o
 .text.I2C_WaitOnTXISFlagUntilTimeout
                0x080022ee       0x8e ./Drivers/STM32F3xx_HAL_Driver/Src/stm32f3xx_hal_i2c.o
 .text.I2C_WaitOnSTOPFlagUntilTimeout
                0x0800237c       0x86 ./Drivers/STM32F3xx_HAL_Driver/Src/stm32f3xx_hal_i2c.o
 *fill*         0x08002402        0x2 
 .text.I2C_WaitOnRXNEFlagUntilTimeout
                0x08002404      0x118 ./Drivers/STM32F3xx_HAL_Driver/Src/stm32f3xx_hal_i2c.o
 .text.I2C_IsErrorOccurred
                0x0800251c      0x1c0 ./Drivers/STM32F3xx_HAL_Driver/Src/stm32f3xx_hal_i2c.o
 .text.I2C_TransferConfig
                0x080026dc       0x64 ./Drivers/STM32F3xx_HAL_Driver/Src/stm32f3xx_hal_i2c.o
 .text.HAL_I2CEx_ConfigAnalogFilter
                0x08002740       0x96 ./Drivers/STM32F3xx_HAL_Driver/Src/stm32f3xx_hal_i2c_ex.o
                0x08002740                HAL_I2CEx_ConfigAnalogFilter
 .text.HAL_I2CEx_ConfigDigitalFilter
                0x080027d6       0x98 ./Drivers/STM32F3xx_HAL_Driver/Src/stm32f3xx_hal_i2c_ex.o
                0x080027d6                HAL_I2CEx_ConfigDigitalFilter
 *fill*         0x0800286e        0x2 
 .text.HAL_RCC_OscConfig
                0x08002870     0x1048 ./Drivers/STM32F3xx_HAL_Driver/Src/stm32f3xx_hal_rcc.o
                0x08002870                HAL_RCC_OscConfig
 .text.HAL_RCC_ClockConfig
                0x080038b8      0x2dc ./Drivers/STM32F3xx_HAL_Driver/Src/stm32f3xx_hal_rcc.o
                0x080038b8                HAL_RCC_ClockConfig
 .text.HAL_RCC_GetSysClockFreq
                0x08003b94       0xa8 ./Drivers/STM32F3xx_HAL_Driver/Src/stm32f3xx_hal_rcc.o
                0x08003b94                HAL_RCC_GetSysClockFreq
 .text.HAL_RCCEx_PeriphCLKConfig
                0x08003c3c      0x438 ./Drivers/STM32F3xx_HAL_Driver/Src/stm32f3xx_hal_rcc_ex.o
                0x08003c3c                HAL_RCCEx_PeriphCLKConfig
 .text.HAL_TIM_PWM_Init
                0x08004074       0xae ./Drivers/STM32F3xx_HAL_Driver/Src/stm32f3xx_hal_tim.o
                0x08004074                HAL_TIM_PWM_Init
 *fill*         0x08004122        0x2 
 .text.HAL_TIM_PWM_Start
                0x08004124      0x218 ./Drivers/STM32F3xx_HAL_Driver/Src/stm32f3xx_hal_tim.o
                0x08004124                HAL_TIM_PWM_Start
 .text.HAL_TIM_PWM_ConfigChannel
                0x0800433c      0x228 ./Drivers/STM32F3xx_HAL_Driver/Src/stm32f3xx_hal_tim.o
                0x0800433c                HAL_TIM_PWM_ConfigChannel
 .text.TIM_Base_SetConfig
                0x08004564      0x154 ./Drivers/STM32F3xx_HAL_Driver/Src/stm32f3xx_hal_tim.o
                0x08004564                TIM_Base_SetConfig
 .text.TIM_OC1_SetConfig
                0x080046b8      0x134 ./Drivers/STM32F3xx_HAL_Driver/Src/stm32f3xx_hal_tim.o
 .text.TIM_OC2_SetConfig
                0x080047ec      0x128 ./Drivers/STM32F3xx_HAL_Driver/Src/stm32f3xx_hal_tim.o
                0x080047ec                TIM_OC2_SetConfig
 .text.TIM_OC3_SetConfig
                0x08004914      0x124 ./Drivers/STM32F3xx_HAL_Driver/Src/stm32f3xx_hal_tim.o
 .text.TIM_OC4_SetConfig
                0x08004a38       0xe0 ./Drivers/STM32F3xx_HAL_Driver/Src/stm32f3xx_hal_tim.o
 .text.TIM_OC5_SetConfig
                0x08004b18       0xd4 ./Drivers/STM32F3xx_HAL_Driver/Src/stm32f3xx_hal_tim.o
 .text.TIM_OC6_SetConfig
                0x08004bec       0xd8 ./Drivers/STM32F3xx_HAL_Driver/Src/stm32f3xx_hal_tim.o
 .text.TIM_CCxChannelCmd
                0x08004cc4       0x4a ./Drivers/STM32F3xx_HAL_Driver/Src/stm32f3xx_hal_tim.o
                0x08004cc4                TIM_CCxChannelCmd
 *fill*         0x08004d0e        0x2 
 .text.HAL_TIMEx_MasterConfigSynchronization
                0x08004d10      0x118 ./Drivers/STM32F3xx_HAL_Driver/Src/stm32f3xx_hal_tim_ex.o
                0x08004d10                HAL_TIMEx_MasterConfigSynchronization
 .text.HAL_TIMEx_ConfigBreakDeadTime
                0x08004e28      0x10c ./Drivers/STM32F3xx_HAL_Driver/Src/stm32f3xx_hal_tim_ex.o
                0x08004e28                HAL_TIMEx_ConfigBreakDeadTime
 .text.memset   0x08004f34       0x10 /opt/st/stm32cubeide_1.19.0/plugins/com.st.stm32cube.ide.mcu.externaltools.gnu-tools-for-stm32.13.3.rel1.linux64_1.0.0.202410170706/tools/bin/../lib/gcc/arm-none-eabi/13.3.1/../../../../arm-none-eabi/lib/thumb/v7e-m+fp/hard/libc_nano.a(libc_a-memset.o)
                0x08004f34                memset
 .text.__libc_init_array
                0x08004f44       0x48 /opt/st/stm32cubeide_1.19.0/plugins/com.st.stm32cube.ide.mcu.externaltools.gnu-tools-for-stm32.13.3.rel1.linux64_1.0.0.202410170706/tools/bin/../lib/gcc/arm-none-eabi/13.3.1/../../../../arm-none-eabi/lib/thumb/v7e-m+fp/hard/libc_nano.a(libc_a-init.o)
                0x08004f44                __libc_init_array
 *(.glue_7)
 .glue_7        0x08004f8c        0x0 linker stubs
 *(.glue_7t)
 .glue_7t       0x08004f8c        0x0 linker stubs
 *(.eh_frame)
 .eh_frame      0x08004f8c        0x0 /opt/st/stm32cubeide_1.19.0/plugins/com.st.stm32cube.ide.mcu.externaltools.gnu-tools-for-stm32.13.3.rel1.linux64_1.0.0.202410170706/tools/bin/../lib/gcc/arm-none-eabi/13.3.1/thumb/v7e-m+fp/hard/crtbegin.o
 *(.init)
 .init          0x08004f8c        0x4 /opt/st/stm32cubeide_1.19.0/plugins/com.st.stm32cube.ide.mcu.externaltools.gnu-tools-for-stm32.13.3.rel1.linux64_1.0.0.202410170706/tools/bin/../lib/gcc/arm-none-eabi/13.3.1/thumb/v7e-m+fp/hard/crti.o
                0x08004f8c                _init
 .init          0x08004f90        0x8 /opt/st/stm32cubeide_1.19.0/plugins/com.st.stm32cube.ide.mcu.externaltools.gnu-tools-for-stm32.13.3.rel1.linux64_1.0.0.202410170706/tools/bin/../lib/gcc/arm-none-eabi/13.3.1/thumb/v7e-m+fp/hard/crtn.o
 *(.fini)
 .fini          0x08004f98        0x4 /opt/st/stm32cubeide_1.19.0/plugins/com.st.stm32cube.ide.mcu.externaltools.gnu-tools-for-stm32.13.3.rel1.linux64_1.0.0.202410170706/tools/bin/../lib/gcc/arm-none-eabi/13.3.1/thumb/v7e-m+fp/hard/crti.o
                0x08004f98                _fini
 .fini          0x08004f9c        0x8 /opt/st/stm32cubeide_1.19.0/plugins/com.st.stm32cube.ide.mcu.externaltools.gnu-tools-for-stm32.13.3.rel1.linux64_1.0.0.202410170706/tools/bin/../lib/gcc/arm-none-eabi/13.3.1/thumb/v7e-m+fp/hard/crtn.o
                0x08004fa4                        . = ALIGN (0x4)
                0x08004fa4                        _etext = .

.vfp11_veneer   0x08004fa4        0x0
 .vfp11_veneer  0x08004fa4        0x0 linker stubs

.v4_bx          0x08004fa4        0x0
 .v4_bx         0x08004fa4        0x0 linker stubs

.iplt           0x08004fa4        0x0
 .iplt          0x08004fa4        0x0 /opt/st/stm32cubeide_1.19.0/plugins/com.st.stm32cube.ide.mcu.externaltools.gnu-tools-for-stm32.13.3.rel1.linux64_1.0.0.202410170706/tools/bin/../lib/gcc/arm-none-eabi/13.3.1/thumb/v7e-m+fp/hard/crtbegin.o

.rodata         0x08004fa4       0x70
                0x08004fa4                        . = ALIGN (0x4)
 *(.rodata)
 .rodata        0x08004fa4       0x40 ./Core/Src/main.o
 *(.rodata*)
 .rodata.AHBPrescTable
                0x08004fe4       0x10 ./Core/Src/system_stm32f3xx.o
                0x08004fe4                AHBPrescTable
 .rodata.aPLLMULFactorTable
                0x08004ff4       0x10 ./Drivers/STM32F3xx_HAL_Driver/Src/stm32f3xx_hal_rcc.o
 .rodata.aPredivFactorTable
                0x08005004       0x10 ./Drivers/STM32F3xx_HAL_Driver/Src/stm32f3xx_hal_rcc.o
                0x08005014                        . = ALIGN (0x4)

.ARM.extab      0x08005014        0x0
                0x08005014                        . = ALIGN (0x4)
 *(.ARM.extab* .gnu.linkonce.armextab.*)
                0x08005014                        . = ALIGN (0x4)

.ARM            0x08005014        0x8
                0x08005014                        . = ALIGN (0x4)
                0x08005014                        __exidx_start = .
 *(.ARM.exidx*)
 .ARM.exidx     0x08005014        0x8 /opt/st/stm32cubeide_1.19.0/plugins/com.st.stm32cube.ide.mcu.externaltools.gnu-tools-for-stm32.13.3.rel1.linux64_1.0.0.202410170706/tools/bin/../lib/gcc/arm-none-eabi/13.3.1/../../../../arm-none-eabi/lib/thumb/v7e-m+fp/hard/libc_nano.a(libc_a-strcmp.o)
                0x0800501c                        __exidx_end = .
                0x0800501c                        . = ALIGN (0x4)

.preinit_array  0x0800501c        0x0
                0x0800501c                        . = ALIGN (0x4)
                0x0800501c                        PROVIDE (__preinit_array_start = .)
 *(.preinit_array*)
                0x0800501c                        PROVIDE (__preinit_array_end = .)
                0x0800501c                        . = ALIGN (0x4)

.init_array     0x0800501c        0x4
                0x0800501c                        . = ALIGN (0x4)
                0x0800501c                        PROVIDE (__init_array_start = .)
 *(SORT_BY_NAME(.init_array.*))
 *(.init_array*)
 .init_array    0x0800501c        0x4 /opt/st/stm32cubeide_1.19.0/plugins/com.st.stm32cube.ide.mcu.externaltools.gnu-tools-for-stm32.13.3.rel1.linux64_1.0.0.202410170706/tools/bin/../lib/gcc/arm-none-eabi/13.3.1/thumb/v7e-m+fp/hard/crtbegin.o
                0x08005020                        PROVIDE (__init_array_end = .)
                0x08005020                        . = ALIGN (0x4)

.fini_array     0x08005020        0x4
                0x08005020                        . = ALIGN (0x4)
                [!provide]                        PROVIDE (__fini_array_start = .)
 *(SORT_BY_NAME(.fini_array.*))
 *(.fini_array*)
 .fini_array    0x08005020        0x4 /opt/st/stm32cubeide_1.19.0/plugins/com.st.stm32cube.ide.mcu.externaltools.gnu-tools-for-stm32.13.3.rel1.linux64_1.0.0.202410170706/tools/bin/../lib/gcc/arm-none-eabi/13.3.1/thumb/v7e-m+fp/hard/crtbegin.o
                [!provide]                        PROVIDE (__fini_array_end = .)
                0x08005024                        . = ALIGN (0x4)
                0x08005024                        _sidata = LOADADDR (.data)

.rel.dyn        0x08005024        0x0
 .rel.iplt      0x08005024        0x0 /opt/st/stm32cubeide_1.19.0/plugins/com.st.stm32cube.ide.mcu.externaltools.gnu-tools-for-stm32.13.3.rel1.linux64_1.0.0.202410170706/tools/bin/../lib/gcc/arm-none-eabi/13.3.1/thumb/v7e-m+fp/hard/crtbegin.o

.data           0x20000000       0x24 load address 0x08005024
                0x20000000                        . = ALIGN (0x4)
                0x20000000                        _sdata = .
 *(.data)
 *(.data*)
 .data.uid_1    0x20000000        0x4 ./Core/Src/main.o
                0x20000000                uid_1
 .data.uid_2    0x20000004        0x4 ./Core/Src/main.o
                0x20000004                uid_2
 .data.senha_uid_1
                0x20000008        0x5 ./Core/Src/main.o
                0x20000008                senha_uid_1
 *fill*         0x2000000d        0x3 
 .data.senha_uid_2
                0x20000010        0x5 ./Core/Src/main.o
                0x20000010                senha_uid_2
 .data.estado_atual
                0x20000015        0x1 ./Core/Src/main.o
                0x20000015                estado_atual
 .data.botao_anterior.0
                0x20000016        0x1 ./Core/Src/main.o
 *fill*         0x20000017        0x1 
 .data.SystemCoreClock
                0x20000018        0x4 ./Core/Src/system_stm32f3xx.o
                0x20000018                SystemCoreClock
 .data.uwTickPrio
                0x2000001c        0x4 ./Drivers/STM32F3xx_HAL_Driver/Src/stm32f3xx_hal.o
                0x2000001c                uwTickPrio
 .data.uwTickFreq
                0x20000020        0x1 ./Drivers/STM32F3xx_HAL_Driver/Src/stm32f3xx_hal.o
                0x20000020                uwTickFreq
 *(.RamFunc)
 *(.RamFunc*)
                0x20000024                        . = ALIGN (0x4)
 *fill*         0x20000021        0x3 
                0x20000024                        _edata = .
                0x08005048                        _siccmram = LOADADDR (.ccmram)

.igot.plt       0x20000024        0x0 load address 0x08005048
 .igot.plt      0x20000024        0x0 /opt/st/stm32cubeide_1.19.0/plugins/com.st.stm32cube.ide.mcu.externaltools.gnu-tools-for-stm32.13.3.rel1.linux64_1.0.0.202410170706/tools/bin/../lib/gcc/arm-none-eabi/13.3.1/thumb/v7e-m+fp/hard/crtbegin.o

.ccmram         0x10000000        0x0 load address 0x08005048
                0x10000000                        . = ALIGN (0x4)
                0x10000000                        _sccmram = .
 *(.ccmram)
 *(.ccmram*)
                0x10000000                        . = ALIGN (0x4)
                0x10000000                        _eccmram = .
                0x10000000                        . = ALIGN (0x4)

.bss            0x20000024       0xe4
                0x20000024                        _sbss = .
                0x20000024                        __bss_start__ = _sbss
 *(.bss)
 .bss           0x20000024       0x1c /opt/st/stm32cubeide_1.19.0/plugins/com.st.stm32cube.ide.mcu.externaltools.gnu-tools-for-stm32.13.3.rel1.linux64_1.0.0.202410170706/tools/bin/../lib/gcc/arm-none-eabi/13.3.1/thumb/v7e-m+fp/hard/crtbegin.o
 *(.bss*)
 .bss.hi2c1     0x20000040       0x54 ./Core/Src/main.o
                0x20000040                hi2c1
 .bss.htim1     0x20000094       0x4c ./Core/Src/main.o
                0x20000094                htim1
 .bss.pn532_ok  0x200000e0        0x1 ./Core/Src/main.o
                0x200000e0                pn532_ok
 *fill*         0x200000e1        0x3 
 .bss.uid       0x200000e4        0xa ./Core/Src/main.o
                0x200000e4                uid
 .bss.uid_len   0x200000ee        0x1 ./Core/Src/main.o
                0x200000ee                uid_len
 *fill*         0x200000ef        0x1 
 .bss.senha_digitada
                0x200000f0        0x5 ./Core/Src/main.o
                0x200000f0                senha_digitada
 .bss.servo_aberto
                0x200000f5        0x1 ./Core/Src/main.o
                0x200000f5                servo_aberto
 *fill*         0x200000f6        0x2 
 .bss.senha_esperada_atual
                0x200000f8        0x4 ./Core/Src/main.o
                0x200000f8                senha_esperada_atual
 .bss.indice_senha
                0x200000fc        0x1 ./Core/Src/main.o
                0x200000fc                indice_senha
 *fill*         0x200000fd        0x3 
 .bss.tempo_inicio_senha
                0x20000100        0x4 ./Core/Src/main.o
                0x20000100                tempo_inicio_senha
 .bss.uwTick    0x20000104        0x4 ./Drivers/STM32F3xx_HAL_Driver/Src/stm32f3xx_hal.o
                0x20000104                uwTick
 *(COMMON)
                0x20000108                        . = ALIGN (0x4)
                0x20000108                        _ebss = .
                0x20000108                        __bss_end__ = _ebss

._user_heap_stack
                0x20000108      0x600
                0x20000108                        . = ALIGN (0x8)
                [!provide]                        PROVIDE (end = .)
                0x20000108                        PROVIDE (_end = .)
                0x20000308                        . = (. + _Min_Heap_Size)
 *fill*         0x20000108      0x200 
                0x20000708                        . = (. + _Min_Stack_Size)
 *fill*         0x20000308      0x400 
                0x20000708                        . = ALIGN (0x8)

/DISCARD/
 libc.a(*)
 libm.a(*)
 libgcc.a(*)

.ARM.attributes
                0x00000000       0x30
 *(.ARM.attributes)
 .ARM.attributes
                0x00000000       0x22 /opt/st/stm32cubeide_1.19.0/plugins/com.st.stm32cube.ide.mcu.externaltools.gnu-tools-for-stm32.13.3.rel1.linux64_1.0.0.202410170706/tools/bin/../lib/gcc/arm-none-eabi/13.3.1/thumb/v7e-m+fp/hard/crti.o
 .ARM.attributes
                0x00000022       0x34 /opt/st/stm32cubeide_1.19.0/plugins/com.st.stm32cube.ide.mcu.externaltools.gnu-tools-for-stm32.13.3.rel1.linux64_1.0.0.202410170706/tools/bin/../lib/gcc/arm-none-eabi/13.3.1/thumb/v7e-m+fp/hard/crtbegin.o
 .ARM.attributes
                0x00000056       0x34 ./Core/Src/main.o
 .ARM.attributes
                0x0000008a       0x34 ./Core/Src/stm32f3xx_hal_msp.o
 .ARM.attributes
                0x000000be       0x34 ./Core/Src/stm32f3xx_it.o
 .ARM.attributes
                0x000000f2       0x34 ./Core/Src/system_stm32f3xx.o
 .ARM.attributes
                0x00000126       0x21 ./Core/Startup/startup_stm32f303retx.o
 .ARM.attributes
                0x00000147       0x34 ./Drivers/STM32F3xx_HAL_Driver/Src/stm32f3xx_hal.o
 .ARM.attributes
                0x0000017b       0x34 ./Drivers/STM32F3xx_HAL_Driver/Src/stm32f3xx_hal_cortex.o
 .ARM.attributes
                0x000001af       0x34 ./Drivers/STM32F3xx_HAL_Driver/Src/stm32f3xx_hal_gpio.o
 .ARM.attributes
                0x000001e3       0x34 ./Drivers/STM32F3xx_HAL_Driver/Src/stm32f3xx_hal_i2c.o
 .ARM.attributes
                0x00000217       0x34 ./Drivers/STM32F3xx_HAL_Driver/Src/stm32f3xx_hal_i2c_ex.o
 .ARM.attributes
                0x0000024b       0x34 ./Drivers/STM32F3xx_HAL_Driver/Src/stm32f3xx_hal_rcc.o
 .ARM.attributes
                0x0000027f       0x34 ./Drivers/STM32F3xx_HAL_Driver/Src/stm32f3xx_hal_rcc_ex.o
 .ARM.attributes
                0x000002b3       0x34 ./Drivers/STM32F3xx_HAL_Driver/Src/stm32f3xx_hal_tim.o
 .ARM.attributes
                0x000002e7       0x34 ./Drivers/STM32F3xx_HAL_Driver/Src/stm32f3xx_hal_tim_ex.o
 .ARM.attributes
                0x0000031b       0x34 /opt/st/stm32cubeide_1.19.0/plugins/com.st.stm32cube.ide.mcu.externaltools.gnu-tools-for-stm32.13.3.rel1.linux64_1.0.0.202410170706/tools/bin/../lib/gcc/arm-none-eabi/13.3.1/../../../../arm-none-eabi/lib/thumb/v7e-m+fp/hard/libc_nano.a(libc_a-memset.o)
 .ARM.attributes
                0x0000034f       0x34 /opt/st/stm32cubeide_1.19.0/plugins/com.st.stm32cube.ide.mcu.externaltools.gnu-tools-for-stm32.13.3.rel1.linux64_1.0.0.202410170706/tools/bin/../lib/gcc/arm-none-eabi/13.3.1/../../../../arm-none-eabi/lib/thumb/v7e-m+fp/hard/libc_nano.a(libc_a-init.o)
 .ARM.attributes
                0x00000383       0x20 /opt/st/stm32cubeide_1.19.0/plugins/com.st.stm32cube.ide.mcu.externaltools.gnu-tools-for-stm32.13.3.rel1.linux64_1.0.0.202410170706/tools/bin/../lib/gcc/arm-none-eabi/13.3.1/../../../../arm-none-eabi/lib/thumb/v7e-m+fp/hard/libc_nano.a(libc_a-strcmp.o)
 .ARM.attributes
                0x000003a3       0x22 /opt/st/stm32cubeide_1.19.0/plugins/com.st.stm32cube.ide.mcu.externaltools.gnu-tools-for-stm32.13.3.rel1.linux64_1.0.0.202410170706/tools/bin/../lib/gcc/arm-none-eabi/13.3.1/thumb/v7e-m+fp/hard/crtn.o
OUTPUT(TRANCA2.elf elf32-littlearm)
LOAD linker stubs
LOAD /opt/st/stm32cubeide_1.19.0/plugins/com.st.stm32cube.ide.mcu.externaltools.gnu-tools-for-stm32.13.3.rel1.linux64_1.0.0.202410170706/tools/bin/../lib/gcc/arm-none-eabi/13.3.1/../../../../arm-none-eabi/lib/thumb/v7e-m+fp/hard/libc.a
LOAD /opt/st/stm32cubeide_1.19.0/plugins/com.st.stm32cube.ide.mcu.externaltools.gnu-tools-for-stm32.13.3.rel1.linux64_1.0.0.202410170706/tools/bin/../lib/gcc/arm-none-eabi/13.3.1/../../../../arm-none-eabi/lib/thumb/v7e-m+fp/hard/libm.a
LOAD /opt/st/stm32cubeide_1.19.0/plugins/com.st.stm32cube.ide.mcu.externaltools.gnu-tools-for-stm32.13.3.rel1.linux64_1.0.0.202410170706/tools/bin/../lib/gcc/arm-none-eabi/13.3.1/thumb/v7e-m+fp/hard/libgcc.a

.debug_info     0x00000000     0xd0b4
 .debug_info    0x00000000     0x1af0 ./Core/Src/main.o
 .debug_info    0x00001af0     0x10a7 ./Core/Src/stm32f3xx_hal_msp.o
 .debug_info    0x00002b97      0x113 ./Core/Src/stm32f3xx_it.o
 .debug_info    0x00002caa      0x407 ./Core/Src/system_stm32f3xx.o
 .debug_info    0x000030b1       0x30 ./Core/Startup/startup_stm32f303retx.o
 .debug_info    0x000030e1      0x804 ./Drivers/STM32F3xx_HAL_Driver/Src/stm32f3xx_hal.o
 .debug_info    0x000038e5      0xd14 ./Drivers/STM32F3xx_HAL_Driver/Src/stm32f3xx_hal_cortex.o
 .debug_info    0x000045f9      0x6a6 ./Drivers/STM32F3xx_HAL_Driver/Src/stm32f3xx_hal_gpio.o
 .debug_info    0x00004c9f     0x20c3 ./Drivers/STM32F3xx_HAL_Driver/Src/stm32f3xx_hal_i2c.o
 .debug_info    0x00006d62      0x8c0 ./Drivers/STM32F3xx_HAL_Driver/Src/stm32f3xx_hal_i2c_ex.o
 .debug_info    0x00007622     0x149a ./Drivers/STM32F3xx_HAL_Driver/Src/stm32f3xx_hal_rcc.o
 .debug_info    0x00008abc      0x61b ./Drivers/STM32F3xx_HAL_Driver/Src/stm32f3xx_hal_rcc_ex.o
 .debug_info    0x000090d7     0x2a70 ./Drivers/STM32F3xx_HAL_Driver/Src/stm32f3xx_hal_tim.o
 .debug_info    0x0000bb47     0x156d ./Drivers/STM32F3xx_HAL_Driver/Src/stm32f3xx_hal_tim_ex.o

.debug_abbrev   0x00000000     0x1c8c
 .debug_abbrev  0x00000000      0x38e ./Core/Src/main.o
 .debug_abbrev  0x0000038e      0x212 ./Core/Src/stm32f3xx_hal_msp.o
 .debug_abbrev  0x000005a0       0x73 ./Core/Src/stm32f3xx_it.o
 .debug_abbrev  0x00000613      0x11a ./Core/Src/system_stm32f3xx.o
 .debug_abbrev  0x0000072d       0x24 ./Core/Startup/startup_stm32f303retx.o
 .debug_abbrev  0x00000751      0x215 ./Drivers/STM32F3xx_HAL_Driver/Src/stm32f3xx_hal.o
 .debug_abbrev  0x00000966      0x31e ./Drivers/STM32F3xx_HAL_Driver/Src/stm32f3xx_hal_cortex.o
 .debug_abbrev  0x00000c84      0x1ca ./Drivers/STM32F3xx_HAL_Driver/Src/stm32f3xx_hal_gpio.o
 .debug_abbrev  0x00000e4e      0x260 ./Drivers/STM32F3xx_HAL_Driver/Src/stm32f3xx_hal_i2c.o
 .debug_abbrev  0x000010ae      0x1c2 ./Drivers/STM32F3xx_HAL_Driver/Src/stm32f3xx_hal_i2c_ex.o
 .debug_abbrev  0x00001270      0x300 ./Drivers/STM32F3xx_HAL_Driver/Src/stm32f3xx_hal_rcc.o
 .debug_abbrev  0x00001570      0x221 ./Drivers/STM32F3xx_HAL_Driver/Src/stm32f3xx_hal_rcc_ex.o
 .debug_abbrev  0x00001791      0x278 ./Drivers/STM32F3xx_HAL_Driver/Src/stm32f3xx_hal_tim.o
 .debug_abbrev  0x00001a09      0x283 ./Drivers/STM32F3xx_HAL_Driver/Src/stm32f3xx_hal_tim_ex.o

.debug_aranges  0x00000000      0xd88
 .debug_aranges
                0x00000000      0x120 ./Core/Src/main.o
 .debug_aranges
                0x00000120       0x58 ./Core/Src/stm32f3xx_hal_msp.o
 .debug_aranges
                0x00000178       0x60 ./Core/Src/stm32f3xx_it.o
 .debug_aranges
                0x000001d8       0x28 ./Core/Src/system_stm32f3xx.o
 .debug_aranges
                0x00000200       0x28 ./Core/Startup/startup_stm32f303retx.o
 .debug_aranges
                0x00000228       0xe0 ./Drivers/STM32F3xx_HAL_Driver/Src/stm32f3xx_hal.o
 .debug_aranges
                0x00000308      0x128 ./Drivers/STM32F3xx_HAL_Driver/Src/stm32f3xx_hal_cortex.o
 .debug_aranges
                0x00000430       0x58 ./Drivers/STM32F3xx_HAL_Driver/Src/stm32f3xx_hal_gpio.o
 .debug_aranges
                0x00000488      0x2a0 ./Drivers/STM32F3xx_HAL_Driver/Src/stm32f3xx_hal_i2c.o
 .debug_aranges
                0x00000728       0x48 ./Drivers/STM32F3xx_HAL_Driver/Src/stm32f3xx_hal_i2c_ex.o
 .debug_aranges
                0x00000770       0x88 ./Drivers/STM32F3xx_HAL_Driver/Src/stm32f3xx_hal_rcc.o
 .debug_aranges
                0x000007f8       0x38 ./Drivers/STM32F3xx_HAL_Driver/Src/stm32f3xx_hal_rcc_ex.o
 .debug_aranges
                0x00000830      0x3e0 ./Drivers/STM32F3xx_HAL_Driver/Src/stm32f3xx_hal_tim.o
 .debug_aranges
                0x00000c10      0x178 ./Drivers/STM32F3xx_HAL_Driver/Src/stm32f3xx_hal_tim_ex.o

.debug_rnglists
                0x00000000      0xa95
 .debug_rnglists
                0x00000000       0xdf ./Core/Src/main.o
 .debug_rnglists
                0x000000df       0x3f ./Core/Src/stm32f3xx_hal_msp.o
 .debug_rnglists
                0x0000011e       0x43 ./Core/Src/stm32f3xx_it.o
 .debug_rnglists
                0x00000161       0x1a ./Core/Src/system_stm32f3xx.o
 .debug_rnglists
                0x0000017b       0x19 ./Core/Startup/startup_stm32f303retx.o
 .debug_rnglists
                0x00000194       0xa3 ./Drivers/STM32F3xx_HAL_Driver/Src/stm32f3xx_hal.o
 .debug_rnglists
                0x00000237       0xda ./Drivers/STM32F3xx_HAL_Driver/Src/stm32f3xx_hal_cortex.o
 .debug_rnglists
                0x00000311       0x3f ./Drivers/STM32F3xx_HAL_Driver/Src/stm32f3xx_hal_gpio.o
 .debug_rnglists
                0x00000350      0x228 ./Drivers/STM32F3xx_HAL_Driver/Src/stm32f3xx_hal_i2c.o
 .debug_rnglists
                0x00000578       0x35 ./Drivers/STM32F3xx_HAL_Driver/Src/stm32f3xx_hal_i2c_ex.o
 .debug_rnglists
                0x000005ad       0x66 ./Drivers/STM32F3xx_HAL_Driver/Src/stm32f3xx_hal_rcc.o
 .debug_rnglists
                0x00000613       0x29 ./Drivers/STM32F3xx_HAL_Driver/Src/stm32f3xx_hal_rcc_ex.o
 .debug_rnglists
                0x0000063c      0x328 ./Drivers/STM32F3xx_HAL_Driver/Src/stm32f3xx_hal_tim.o
 .debug_rnglists
                0x00000964      0x131 ./Drivers/STM32F3xx_HAL_Driver/Src/stm32f3xx_hal_tim_ex.o

.debug_macro    0x00000000    0x2089e
 .debug_macro   0x00000000      0x357 ./Core/Src/main.o
 .debug_macro   0x00000357      0xad8 ./Core/Src/main.o
 .debug_macro   0x00000e2f      0x15e ./Core/Src/main.o
 .debug_macro   0x00000f8d       0x2e ./Core/Src/main.o
 .debug_macro   0x00000fbb       0x28 ./Core/Src/main.o
 .debug_macro   0x00000fe3       0x22 ./Core/Src/main.o
 .debug_macro   0x00001005       0x8e ./Core/Src/main.o
 .debug_macro   0x00001093       0x51 ./Core/Src/main.o
 .debug_macro   0x000010e4      0x103 ./Core/Src/main.o
 .debug_macro   0x000011e7       0x6a ./Core/Src/main.o
 .debug_macro   0x00001251      0x1df ./Core/Src/main.o
 .debug_macro   0x00001430       0x1c ./Core/Src/main.o
 .debug_macro   0x0000144c       0x22 ./Core/Src/main.o
 .debug_macro   0x0000146e       0xd9 ./Core/Src/main.o
 .debug_macro   0x00001547     0x102d ./Core/Src/main.o
 .debug_macro   0x00002574      0x11f ./Core/Src/main.o
 .debug_macro   0x00002693    0x1535a ./Core/Src/main.o
 .debug_macro   0x000179ed       0x6d ./Core/Src/main.o
 .debug_macro   0x00017a5a     0x3574 ./Core/Src/main.o
 .debug_macro   0x0001afce      0x190 ./Core/Src/main.o
 .debug_macro   0x0001b15e       0x55 ./Core/Src/main.o
 .debug_macro   0x0001b1b3      0x953 ./Core/Src/main.o
 .debug_macro   0x0001bb06      0x84a ./Core/Src/main.o
 .debug_macro   0x0001c350      0x1b5 ./Core/Src/main.o
 .debug_macro   0x0001c505      0x23a ./Core/Src/main.o
 .debug_macro   0x0001c73f      0x1ea ./Core/Src/main.o
 .debug_macro   0x0001c929      0x1bc ./Core/Src/main.o
 .debug_macro   0x0001cae5       0x30 ./Core/Src/main.o
 .debug_macro   0x0001cb15       0x3c ./Core/Src/main.o
 .debug_macro   0x0001cb51      0x235 ./Core/Src/main.o
 .debug_macro   0x0001cd86       0xc5 ./Core/Src/main.o
 .debug_macro   0x0001ce4b      0x21d ./Core/Src/main.o
 .debug_macro   0x0001d068      0x22c ./Core/Src/main.o
 .debug_macro   0x0001d294       0x5b ./Core/Src/main.o
 .debug_macro   0x0001d2ef       0xa5 ./Core/Src/main.o
 .debug_macro   0x0001d394       0x81 ./Core/Src/main.o
 .debug_macro   0x0001d415       0xd3 ./Core/Src/main.o
 .debug_macro   0x0001d4e8      0xa60 ./Core/Src/main.o
 .debug_macro   0x0001df48       0xba ./Core/Src/main.o
 .debug_macro   0x0001e002      0x5ba ./Core/Src/main.o
 .debug_macro   0x0001e5bc       0x44 ./Core/Src/main.o
 .debug_macro   0x0001e600      0x347 ./Core/Src/main.o
 .debug_macro   0x0001e947       0x61 ./Core/Src/main.o
 .debug_macro   0x0001e9a8       0x2a ./Core/Src/main.o
 .debug_macro   0x0001e9d2       0x43 ./Core/Src/main.o
 .debug_macro   0x0001ea15       0x34 ./Core/Src/main.o
 .debug_macro   0x0001ea49      0x370 ./Core/Src/main.o
 .debug_macro   0x0001edb9       0x16 ./Core/Src/main.o
 .debug_macro   0x0001edcf       0x4a ./Core/Src/main.o
 .debug_macro   0x0001ee19       0x34 ./Core/Src/main.o
 .debug_macro   0x0001ee4d       0x10 ./Core/Src/main.o
 .debug_macro   0x0001ee5d       0x58 ./Core/Src/main.o
 .debug_macro   0x0001eeb5       0x8e ./Core/Src/main.o
 .debug_macro   0x0001ef43       0x1c ./Core/Src/main.o
 .debug_macro   0x0001ef5f      0x185 ./Core/Src/main.o
 .debug_macro   0x0001f0e4       0x10 ./Core/Src/main.o
 .debug_macro   0x0001f0f4       0x3c ./Core/Src/main.o
 .debug_macro   0x0001f130       0x20 ./Core/Src/main.o
 .debug_macro   0x0001f150      0x1e1 ./Core/Src/stm32f3xx_hal_msp.o
 .debug_macro   0x0001f331      0x1eb ./Core/Src/stm32f3xx_it.o
 .debug_macro   0x0001f51c      0x1d7 ./Core/Src/system_stm32f3xx.o
 .debug_macro   0x0001f6f3      0x1fb ./Drivers/STM32F3xx_HAL_Driver/Src/stm32f3xx_hal.o
 .debug_macro   0x0001f8ee      0x1d7 ./Drivers/STM32F3xx_HAL_Driver/Src/stm32f3xx_hal_cortex.o
 .debug_macro   0x0001fac5      0x1de ./Drivers/STM32F3xx_HAL_Driver/Src/stm32f3xx_hal_gpio.o
 .debug_macro   0x0001fca3      0x2a3 ./Drivers/STM32F3xx_HAL_Driver/Src/stm32f3xx_hal_i2c.o
 .debug_macro   0x0001ff46      0x1d7 ./Drivers/STM32F3xx_HAL_Driver/Src/stm32f3xx_hal_i2c_ex.o
 .debug_macro   0x0002011d      0x1fb ./Drivers/STM32F3xx_HAL_Driver/Src/stm32f3xx_hal_rcc.o
 .debug_macro   0x00020318      0x1d7 ./Drivers/STM32F3xx_HAL_Driver/Src/stm32f3xx_hal_rcc_ex.o
 .debug_macro   0x000204ef      0x1d8 ./Drivers/STM32F3xx_HAL_Driver/Src/stm32f3xx_hal_tim.o
 .debug_macro   0x000206c7      0x1d7 ./Drivers/STM32F3xx_HAL_Driver/Src/stm32f3xx_hal_tim_ex.o

.debug_line     0x00000000    0x10373
 .debug_line    0x00000000     0x1199 ./Core/Src/main.o
 .debug_line    0x00001199      0x7b9 ./Core/Src/stm32f3xx_hal_msp.o
 .debug_line    0x00001952      0x765 ./Core/Src/stm32f3xx_it.o
 .debug_line    0x000020b7      0x735 ./Core/Src/system_stm32f3xx.o
 .debug_line    0x000027ec       0x7a ./Core/Startup/startup_stm32f303retx.o
 .debug_line    0x00002866      0x96c ./Drivers/STM32F3xx_HAL_Driver/Src/stm32f3xx_hal.o
 .debug_line    0x000031d2      0xc37 ./Drivers/STM32F3xx_HAL_Driver/Src/stm32f3xx_hal_cortex.o
 .debug_line    0x00003e09      0xadf ./Drivers/STM32F3xx_HAL_Driver/Src/stm32f3xx_hal_gpio.o
 .debug_line    0x000048e8     0x36bd ./Drivers/STM32F3xx_HAL_Driver/Src/stm32f3xx_hal_i2c.o
 .debug_line    0x00007fa5      0x81c ./Drivers/STM32F3xx_HAL_Driver/Src/stm32f3xx_hal_i2c_ex.o
 .debug_line    0x000087c1     0x14e3 ./Drivers/STM32F3xx_HAL_Driver/Src/stm32f3xx_hal_rcc.o
 .debug_line    0x00009ca4      0xecf ./Drivers/STM32F3xx_HAL_Driver/Src/stm32f3xx_hal_rcc_ex.o
 .debug_line    0x0000ab73     0x3e23 ./Drivers/STM32F3xx_HAL_Driver/Src/stm32f3xx_hal_tim.o
 .debug_line    0x0000e996     0x19dd ./Drivers/STM32F3xx_HAL_Driver/Src/stm32f3xx_hal_tim_ex.o

.debug_str      0x00000000    0xca516
 .debug_str     0x00000000    0xca516 ./Core/Src/main.o
                              0xc77ca (size before relaxing)
 .debug_str     0x000ca516    0xc3ba4 ./Core/Src/stm32f3xx_hal_msp.o
 .debug_str     0x000ca516    0xc30a6 ./Core/Src/stm32f3xx_it.o
 .debug_str     0x000ca516    0xc3135 ./Core/Src/system_stm32f3xx.o
 .debug_str     0x000ca516       0x78 ./Core/Startup/startup_stm32f303retx.o
 .debug_str     0x000ca516    0xc39de ./Drivers/STM32F3xx_HAL_Driver/Src/stm32f3xx_hal.o
 .debug_str     0x000ca516    0xc3a62 ./Drivers/STM32F3xx_HAL_Driver/Src/stm32f3xx_hal_cortex.o
 .debug_str     0x000ca516    0xc331a ./Drivers/STM32F3xx_HAL_Driver/Src/stm32f3xx_hal_gpio.o
 .debug_str     0x000ca516    0xc4435 ./Drivers/STM32F3xx_HAL_Driver/Src/stm32f3xx_hal_i2c.o
 .debug_str     0x000ca516    0xc36b8 ./Drivers/STM32F3xx_HAL_Driver/Src/stm32f3xx_hal_i2c_ex.o
 .debug_str     0x000ca516    0xc35d9 ./Drivers/STM32F3xx_HAL_Driver/Src/stm32f3xx_hal_rcc.o
 .debug_str     0x000ca516    0xc3423 ./Drivers/STM32F3xx_HAL_Driver/Src/stm32f3xx_hal_rcc_ex.o
 .debug_str     0x000ca516    0xc456c ./Drivers/STM32F3xx_HAL_Driver/Src/stm32f3xx_hal_tim.o
 .debug_str     0x000ca516    0xc3db2 ./Drivers/STM32F3xx_HAL_Driver/Src/stm32f3xx_hal_tim_ex.o

.comment        0x00000000       0x43
 .comment       0x00000000       0x43 ./Core/Src/main.o
                                 0x44 (size before relaxing)
 .comment       0x00000043       0x44 ./Core/Src/stm32f3xx_hal_msp.o
 .comment       0x00000043       0x44 ./Core/Src/stm32f3xx_it.o
 .comment       0x00000043       0x44 ./Core/Src/system_stm32f3xx.o
 .comment       0x00000043       0x44 ./Drivers/STM32F3xx_HAL_Driver/Src/stm32f3xx_hal.o
 .comment       0x00000043       0x44 ./Drivers/STM32F3xx_HAL_Driver/Src/stm32f3xx_hal_cortex.o
 .comment       0x00000043       0x44 ./Drivers/STM32F3xx_HAL_Driver/Src/stm32f3xx_hal_gpio.o
 .comment       0x00000043       0x44 ./Drivers/STM32F3xx_HAL_Driver/Src/stm32f3xx_hal_i2c.o
 .comment       0x00000043       0x44 ./Drivers/STM32F3xx_HAL_Driver/Src/stm32f3xx_hal_i2c_ex.o
 .comment       0x00000043       0x44 ./Drivers/STM32F3xx_HAL_Driver/Src/stm32f3xx_hal_rcc.o
 .comment       0x00000043       0x44 ./Drivers/STM32F3xx_HAL_Driver/Src/stm32f3xx_hal_rcc_ex.o
 .comment       0x00000043       0x44 ./Drivers/STM32F3xx_HAL_Driver/Src/stm32f3xx_hal_tim.o
 .comment       0x00000043       0x44 ./Drivers/STM32F3xx_HAL_Driver/Src/stm32f3xx_hal_tim_ex.o

.debug_frame    0x00000000     0x396c
 .debug_frame   0x00000000      0x464 ./Core/Src/main.o
 .debug_frame   0x00000464      0x13c ./Core/Src/stm32f3xx_hal_msp.o
 .debug_frame   0x000005a0      0x104 ./Core/Src/stm32f3xx_it.o
 .debug_frame   0x000006a4       0x58 ./Core/Src/system_stm32f3xx.o
 .debug_frame   0x000006fc      0x334 ./Drivers/STM32F3xx_HAL_Driver/Src/stm32f3xx_hal.o
 .debug_frame   0x00000a30      0x4e8 ./Drivers/STM32F3xx_HAL_Driver/Src/stm32f3xx_hal_cortex.o
 .debug_frame   0x00000f18      0x14c ./Drivers/STM32F3xx_HAL_Driver/Src/stm32f3xx_hal_gpio.o
 .debug_frame   0x00001064      0xc38 ./Drivers/STM32F3xx_HAL_Driver/Src/stm32f3xx_hal_i2c.o
 .debug_frame   0x00001c9c      0x100 ./Drivers/STM32F3xx_HAL_Driver/Src/stm32f3xx_hal_i2c_ex.o
 .debug_frame   0x00001d9c      0x214 ./Drivers/STM32F3xx_HAL_Driver/Src/stm32f3xx_hal_rcc.o
 .debug_frame   0x00001fb0       0xb0 ./Drivers/STM32F3xx_HAL_Driver/Src/stm32f3xx_hal_rcc_ex.o
 .debug_frame   0x00002060     0x1218 ./Drivers/STM32F3xx_HAL_Driver/Src/stm32f3xx_hal_tim.o
 .debug_frame   0x00003278      0x688 ./Drivers/STM32F3xx_HAL_Driver/Src/stm32f3xx_hal_tim_ex.o
 .debug_frame   0x00003900       0x20 /opt/st/stm32cubeide_1.19.0/plugins/com.st.stm32cube.ide.mcu.externaltools.gnu-tools-for-stm32.13.3.rel1.linux64_1.0.0.202410170706/tools/bin/../lib/gcc/arm-none-eabi/13.3.1/../../../../arm-none-eabi/lib/thumb/v7e-m+fp/hard/libc_nano.a(libc_a-memset.o)
 .debug_frame   0x00003920       0x2c /opt/st/stm32cubeide_1.19.0/plugins/com.st.stm32cube.ide.mcu.externaltools.gnu-tools-for-stm32.13.3.rel1.linux64_1.0.0.202410170706/tools/bin/../lib/gcc/arm-none-eabi/13.3.1/../../../../arm-none-eabi/lib/thumb/v7e-m+fp/hard/libc_nano.a(libc_a-init.o)
 .debug_frame   0x0000394c       0x20 /opt/st/stm32cubeide_1.19.0/plugins/com.st.stm32cube.ide.mcu.externaltools.gnu-tools-for-stm32.13.3.rel1.linux64_1.0.0.202410170706/tools/bin/../lib/gcc/arm-none-eabi/13.3.1/../../../../arm-none-eabi/lib/thumb/v7e-m+fp/hard/libc_nano.a(libc_a-strcmp.o)

.debug_line_str
                0x00000000       0x5c
 .debug_line_str
                0x00000000       0x5c ./Core/Startup/startup_stm32f303retx.o
