../Core/Src/main.c:168:5:main	16	static
../Core/Src/main.c:245:6:SystemClock_Config	160	static
../Core/Src/main.c:291:13:MX_I2C1_Init	8	static
../Core/Src/main.c:324:13:MX_TIM1_Init	96	static
../Core/Src/main.c:390:13:MX_GPIO_Init	40	static
../Core/Src/main.c:450:6:MaquinaEstados_Executar	8	static
../Core/Src/main.c:480:6:Estado_ErroPN532	8	static
../Core/Src/main.c:486:6:Estado_AguardandoCartao	8	static
../Core/Src/main.c:543:6:Estado_DigitandoSenha	16	static
../Core/Src/main.c:624:6:Estado_AcessoLiberado	8	static
../Core/Src/main.c:637:6:Estado_AcessoNegado	8	static
../Core/Src/main.c:650:9:PN532_CheckI2C	8	static
../Core/Src/main.c:660:9:PN532_WaitReady	32	static
../Core/Src/main.c:681:9:PN532_ReadAck	24	static
../Core/Src/main.c:708:9:PN532_SendCommand	64	static
../Core/Src/main.c:750:9:PN532_GetFirmwareVersion	40	static
../Core/Src/main.c:783:9:PN532_SAMConfig	40	static
../Core/Src/main.c:819:9:PN532_ReadPassiveTarget	64	static
../Core/Src/main.c:875:9:CompararUID	32	static
../Core/Src/main.c:893:7:ObterSenhaDoUID	16	static
../Core/Src/main.c:908:6:LED_Verde_Blink	8	static
../Core/Src/main.c:915:6:LED_Vermelho_Blink	8	static
../Core/Src/main.c:922:6:LED_Ambos_Blink	8	static
../Core/Src/main.c:933:6:Teclado_SetColunasHigh	8	static
../Core/Src/main.c:941:6:Teclado_LerTecla	88	static
../Core/Src/main.c:1017:6:Servo_Iniciar	8	static
../Core/Src/main.c:1022:6:Servo_SetPulseUs	16	static
../Core/Src/main.c:1037:6:Servo_SetAngle	24	static
../Core/Src/main.c:1051:9:Botao_Pressionado	16	static
../Core/Src/main.c:1089:6:AbrirPeloBotao	16	static
../Core/Src/main.c:1114:6:AcessoLiberado	16	static
../Core/Src/main.c:1131:6:AcessoNegado	16	static
../Core/Src/main.c:1142:6:Error_Handler	4	static,ignoring_inline_asm
